{
  "$id": "https://schemas.liveramp.com/noroot",
  "$schema": "http://json-schema.org/draft-07/schema#",
  "definitions": {
    "DirectoryInput": {
      "type": "object",
      "properties": {
        "name": {
          "type": "string"
        }
      },
      "required": [
        "name"
      ],
      "description": "This models a directory we might create"
    },
    "DirectoryOutput": {
      "type": "object",
      "properties": {
        "id": {
          "type": "string",
          "format": "uuid",
          "example": "123e4567-e89b-12d3-a456-426655440000"
        },
        "name": {
          "type": "string"
        }
      },
      "required": [
        "id",
        "name"
      ],
      "description": "This models a directory we might create"
    },
    "DirectoryMultiResponse": {
      "type": "object",
      "properties": {
        "directories": {
          "description": "Array of retrieved Directories",
          "type": "array",
          "items": {
            "$ref": "#/definitions/DirectoryOutput"
          }
        }
      }
    },
    "FileTypeInput": {
      "type": "object",
      "properties": {
        "type": {
          "type": "string"
        },
        "format": {
          "type": "string"
        },
        "specId": {
          "description": "this is a specification. comment override",
          "type": "string"
        },
        "specId2": {
          "type": "string",
          "description": "Link to Specification resource via its id"
        },
        "specId3s": {
          "description": "array override",
          "items": {
            "type": "string"
          },
          "type": "array"
        },
        "specId4s": {
          "description": "Link to Specification resources via their ids",
          "items": {
            "type": "string"
          },
          "type": "array"
        }
      },
      "required": [
        "type",
        "format",
        "specId",
        "specId2",
        "specId3",
        "specId4"
      ],
      "description": "This configures up a file type, e.g. .gif"
    },
    "FileTypeOutput": {
      "type": "object",
      "properties": {
        "id": {
          "type": "string"
        },
        "type": {
          "type": "string"
        },
        "format": {
          "type": "string"
        },
        "specId": {
          "description": "this is a specification. comment override",
          "type": "string"
        },
        "specId2": {
          "type": "string",
          "description": "Link to Specification resource via its id"
        },
        "specId3s": {
          "description": "array override",
          "items": {
            "type": "string"
          },
          "type": "array"
        },
        "specId4s": {
          "description": "Link to Specification resources via their ids",
          "items": {
            "type": "string"
          },
          "type": "array"
        }
      },
      "required": [
        "id",
        "type",
        "format",
        "specId",
        "specId2",
        "specId3",
        "specId4"
      ],
      "description": "This configures up a file type, e.g. .gif"
    },
    "FileTypeMultiResponse": {
      "type": "object",
      "properties": {
        "fileTypes": {
          "description": "Array of retrieved FileTypes",
          "type": "array",
          "items": {
            "$ref": "#/definitions/FileTypeOutput"
          }
        }
      }
    },
    "DirectoryFileInput": {
      "type": "object",
      "properties": {
        "name": {
          "type": "string"
        },
        "url": {
          "type": "string"
        },
        "fileTypeId": {
          "type": "string",
          "description": "Link to FileType resource via its id"
        }
      },
      "required": [
        "name",
        "url",
        "fileTypeId"
      ],
      "description": "This models a file in a directory"
    },
    "DirectoryFileOutput": {
      "type": "object",
      "properties": {
        "id": {
          "type": "integer",
          "format": "int32"
        },
        "name": {
          "type": "string"
        },
        "url": {
          "type": "string"
        },
        "fileTypeId": {
          "type": "string",
          "description": "Link to FileType resource via its id"
        }
      },
      "required": [
        "id",
        "name",
        "url",
        "fileTypeId"
      ],
      "description": "This models a file in a directory"
    },
    "DirectoryFileMultiResponse": {
      "type": "object",
      "properties": {
        "files": {
          "description": "Array of retrieved Directory::Files",
          "type": "array",
          "items": {
            "$ref": "#/definitions/DirectoryFileOutput"
          }
        }
      }
    },
    "DirectoryDeleteRequestInput": {
      "type": "object",
      "properties": {
        "directoryId": {
          "type": "string",
          "format": "uuid",
          "example": "123e4567-e89b-12d3-a456-426655440000",
          "description": "Link to Directory resource via its id"
        }
      },
      "required": [
        "directoryId"
      ],
      "description": "This models a long running request"
    },
    "DirectoryDeleteRequestOutput": {
      "type": "object",
      "properties": {
        "id": {
          "type": "integer",
          "format": "int32"
        },
        "directoryId": {
          "type": "string",
          "format": "uuid",
          "example": "123e4567-e89b-12d3-a456-426655440000",
          "description": "Link to Directory resource via its id"
        }
      },
      "required": [
        "id",
        "directoryId"
      ],
      "description": "This models a long running request"
    },
    "DirectoryDeleteRequestMultiResponse": {
      "type": "object",
      "properties": {
        "directoryDeleteRequests": {
          "description": "Array of retrieved DirectoryDeleteRequests",
          "type": "array",
          "items": {
            "$ref": "#/definitions/DirectoryDeleteRequestOutput"
          }
        }
      }
    },
    "CancelDirectoryDeleteRequestInput": {
      "type": "object",
      "properties": {
        "time": {
          "type": "string",
          "format": "ISO8601 UTC date-time",
          "example": "2019-04-13T03:35:34Z"
        }
      },
      "required": [
        "time"
      ],
      "description": "This models an action on a request"
    },
    "CancelDirectoryDeleteRequestOutput": {
      "type": "object",
      "properties": {
        "id": {
          "type": "integer",
          "format": "int32"
        },
        "time": {
          "type": "string",
          "format": "ISO8601 UTC date-time",
          "example": "2019-04-13T03:35:34Z"
        }
      },
      "required": [
        "id",
        "time"
      ],
      "description": "This models an action on a request"
    },
    "SpecialError": {
      "type": "object",
      "properties": {
        "message": {
          "type": "string"
        },
        "time": {
          "type": "string",
          "format": "ISO8601 UTC date-time",
          "example": "2019-04-13T03:35:34Z"
        },
        "errors": {
          "items": {
            "type": "object",
            "$ref": "#/definitions/StandardError"
          },
          "type": "array"
        }
      },
      "required": [
        "message",
        "time",
        "errors"
      ],
      "description": "A non-standard error response"
    },
    "StandardError": {
      "type": "object",
      "properties": {
        "httpStatus": {
          "description": "HTTP error status code for this problem",
          "type": "integer",
          "format": "int32"
        },
        "errorCode": {
          "description": "Service specific error code, more granular",
          "type": "string"
        },
        "message": {
          "description": "General, human readable error message",
          "type": "string"
        }
      },
      "required": [
        "httpStatus",
        "errorCode",
        "message"
      ]
    }
  }
}
