[
  {
    "namespace": [
      {
        "category": "namespace",
        "comment": "Stringmap etc",
        "title": "Testing out some of the stringmap and other advanced attribute modifiers",
        "version": "0.1.2"
      }
    ],
    "imports": [],
    "servers": [],
    "tags": [],
    "definitions": [],
    "diagrams": [],
    "docs": []
  },
  {
    "namespace": [],
    "imports": [],
    "servers": [],
    "tags": [],
    "definitions": [],
    "diagrams": [
      {
        "category": "diagram",
        "diagram": "main",
        "include": [
          {
            "module": "resources",
            "parents": [],
            "short": "reslang",
            "name": "resources.reslang",
            "parentShort": "",
            "parentName": ""
          }
        ],
        "groups": []
      }
    ],
    "docs": []
  },
  {
    "namespace": [],
    "imports": [],
    "servers": [],
    "tags": [],
    "definitions": [
      {
        "category": "definition",
        "kind": "resource-like",
        "future": false,
        "singleton": false,
        "type": "asset-resource",
        "attributes": [
          {
            "name": "id",
            "stringMap": false,
            "type": {
              "parents": [],
              "short": "int",
              "name": "int",
              "parentShort": "",
              "parentName": ""
            },
            "inline": false,
            "linked": false,
            "full": false,
            "modifiers": {
              "flag": false,
              "mutable": false,
              "optional": false,
              "optionalPost": false,
              "optionalPut": false,
              "optionalGet": false,
              "output": false,
              "queryonly": false,
              "query": false,
              "representation": false
            },
            "constraints": {}
          },
          {
            "name": "name",
            "stringMap": false,
            "type": {
              "parents": [],
              "short": "string",
              "name": "string",
              "parentShort": "",
              "parentName": ""
            },
            "inline": false,
            "linked": false,
            "full": false,
            "modifiers": {
              "flag": false,
              "mutable": false,
              "optional": true,
              "optionalPost": false,
              "optionalPut": false,
              "optionalGet": false,
              "output": false,
              "queryonly": false,
              "query": true,
              "representation": false
            },
            "constraints": {},
            "default": {
              "type": "string",
              "value": "hello"
            }
          },
          {
            "name": "map",
            "stringMap": true,
            "type": {
              "parents": [],
              "short": "int",
              "name": "int",
              "parentShort": "",
              "parentName": ""
            },
            "inline": false,
            "linked": false,
            "full": false,
            "modifiers": {
              "flag": false,
              "mutable": false,
              "optional": false,
              "optionalPost": false,
              "optionalPut": false,
              "optionalGet": false,
              "output": false,
              "queryonly": false,
              "query": false,
              "representation": false
            },
            "constraints": {}
          },
          {
            "name": "maps",
            "stringMap": true,
            "type": {
              "parents": [],
              "short": "Struct2",
              "name": "Struct2",
              "parentShort": "",
              "parentName": ""
            },
            "inline": false,
            "array": {
              "type": 2
            },
            "linked": false,
            "full": false,
            "modifiers": {
              "flag": false,
              "mutable": false,
              "optional": false,
              "optionalPost": false,
              "optionalPut": false,
              "optionalGet": false,
              "output": true,
              "queryonly": false,
              "query": false,
              "representation": false
            },
            "constraints": {}
          },
          {
            "name": "test",
            "stringMap": false,
            "type": {
              "parents": [],
              "short": "string",
              "name": "string",
              "parentShort": "",
              "parentName": ""
            },
            "inline": false,
            "linked": false,
            "full": false,
            "modifiers": {
              "flag": false,
              "mutable": true,
              "optional": true,
              "optionalPost": false,
              "optionalPut": false,
              "optionalGet": false,
              "output": false,
              "queryonly": false,
              "query": false,
              "representation": false
            },
            "constraints": {},
            "default": {
              "type": "string",
              "value": "test"
            }
          },
          {
            "name": "key",
            "stringMap": false,
            "type": {
              "parents": [],
              "short": "InputKey",
              "name": "InputKey",
              "parentShort": "",
              "parentName": ""
            },
            "inline": false,
            "linked": false,
            "full": false,
            "modifiers": {
              "flag": false,
              "mutable": true,
              "optional": false,
              "optionalPost": false,
              "optionalPut": false,
              "optionalGet": false,
              "output": false,
              "queryonly": false,
              "query": false,
              "representation": false
            },
            "constraints": {}
          },
          {
            "name": "test2",
            "stringMap": false,
            "type": {
              "parents": [],
              "short": "Struct3",
              "name": "Struct3",
              "parentShort": "",
              "parentName": ""
            },
            "inline": true,
            "linked": false,
            "full": false,
            "modifiers": {
              "flag": false,
              "mutable": false,
              "optional": false,
              "optionalPost": false,
              "optionalPut": false,
              "optionalGet": false,
              "output": false,
              "queryonly": false,
              "query": false,
              "representation": false
            },
            "constraints": {}
          }
        ],
        "operations": [
          {
            "operation": "PUT",
            "options": [],
            "errors": []
          },
          {
            "operation": "POST",
            "options": [],
            "errors": []
          },
          {
            "operation": "GET",
            "options": [],
            "errors": []
          },
          {
            "operation": "MULTIGET",
            "options": [],
            "errors": []
          }
        ],
        "parents": [],
        "short": "SMap",
        "name": "SMap",
        "parentShort": "",
        "parentName": "",
        "namespace": "",
        "secondary": false,
        "file": "resources.reslang"
      },
      {
        "category": "definition",
        "kind": "structure",
        "type": "structure",
        "parents": [],
        "short": "Struct1",
        "attributes": [
          {
            "name": "text",
            "stringMap": false,
            "type": {
              "parents": [],
              "short": "string",
              "name": "string",
              "parentShort": "",
              "parentName": ""
            },
            "inline": false,
            "linked": false,
            "full": false,
            "modifiers": {
              "flag": false,
              "mutable": false,
              "optional": false,
              "optionalPost": false,
              "optionalPut": false,
              "optionalGet": false,
              "output": false,
              "queryonly": false,
              "query": false,
              "representation": false
            },
            "constraints": {}
          }
        ],
        "name": "Struct1",
        "parentShort": "",
        "parentName": "",
        "secondary": false,
        "file": "resources.reslang"
      },
      {
        "category": "definition",
        "kind": "structure",
        "type": "structure",
        "parents": [],
        "short": "Struct2",
        "attributes": [
          {
            "name": "notes",
            "stringMap": false,
            "type": {
              "parents": [],
              "short": "string",
              "name": "string",
              "parentShort": "",
              "parentName": ""
            },
            "inline": false,
            "linked": false,
            "full": false,
            "modifiers": {
              "flag": false,
              "mutable": false,
              "optional": false,
              "optionalPost": false,
              "optionalPut": false,
              "optionalGet": false,
              "output": false,
              "queryonly": false,
              "query": false,
              "representation": false
            },
            "constraints": {}
          },
          {
            "name": "text",
            "stringMap": false,
            "type": {
              "parents": [],
              "short": "string",
              "name": "string",
              "parentShort": "",
              "parentName": ""
            },
            "inline": false,
            "linked": false,
            "full": false,
            "modifiers": {
              "flag": false,
              "mutable": false,
              "optional": false,
              "optionalPost": false,
              "optionalPut": false,
              "optionalGet": false,
              "output": false,
              "queryonly": false,
              "query": false,
              "representation": false
            },
            "constraints": {}
          }
        ],
        "name": "Struct2",
        "parentShort": "",
        "parentName": "",
        "secondary": false,
        "file": "resources.reslang"
      },
      {
        "category": "definition",
        "kind": "union",
        "type": "union",
        "parents": [],
        "short": "InputKey",
        "attributes": [
          {
            "name": "num",
            "stringMap": false,
            "type": {
              "parents": [],
              "short": "int",
              "name": "int",
              "parentShort": "",
              "parentName": ""
            },
            "inline": false,
            "linked": false,
            "full": false,
            "modifiers": {
              "flag": false,
              "mutable": false,
              "optional": false,
              "optionalPost": false,
              "optionalPut": false,
              "optionalGet": false,
              "output": false,
              "queryonly": false,
              "query": false,
              "representation": false
            },
            "constraints": {}
          },
          {
            "name": "mystruct",
            "stringMap": false,
            "type": {
              "parents": [],
              "short": "Struct2",
              "name": "Struct2",
              "parentShort": "",
              "parentName": ""
            },
            "inline": false,
            "linked": false,
            "full": false,
            "modifiers": {
              "flag": false,
              "mutable": false,
              "optional": false,
              "optionalPost": false,
              "optionalPut": false,
              "optionalGet": false,
              "output": false,
              "queryonly": false,
              "query": false,
              "representation": false
            },
            "constraints": {}
          },
          {
            "name": "mystruct2",
            "stringMap": false,
            "type": {
              "parents": [],
              "short": "Struct2",
              "name": "Struct2",
              "parentShort": "",
              "parentName": ""
            },
            "inline": false,
            "linked": false,
            "full": false,
            "modifiers": {
              "flag": false,
              "mutable": false,
              "optional": false,
              "optionalPost": false,
              "optionalPut": false,
              "optionalGet": false,
              "output": false,
              "queryonly": false,
              "query": false,
              "representation": false
            },
            "constraints": {}
          }
        ],
        "name": "InputKey",
        "parentShort": "",
        "parentName": "",
        "secondary": false,
        "file": "resources.reslang"
      },
      {
        "category": "definition",
        "kind": "structure",
        "type": "structure",
        "parents": [],
        "short": "Struct3",
        "attributes": [
          {
            "name": "a",
            "stringMap": false,
            "type": {
              "parents": [],
              "short": "double",
              "name": "double",
              "parentShort": "",
              "parentName": ""
            },
            "inline": false,
            "linked": false,
            "full": false,
            "modifiers": {
              "flag": false,
              "mutable": false,
              "optional": true,
              "optionalPost": false,
              "optionalPut": false,
              "optionalGet": false,
              "output": false,
              "queryonly": false,
              "query": false,
              "representation": false
            },
            "constraints": {},
            "default": {
              "type": "numerical",
              "value": "123.9"
            }
          },
          {
            "name": "b",
            "stringMap": false,
            "type": {
              "parents": [],
              "short": "int",
              "name": "int",
              "parentShort": "",
              "parentName": ""
            },
            "inline": false,
            "linked": false,
            "full": false,
            "modifiers": {
              "flag": false,
              "mutable": false,
              "optional": false,
              "optionalPost": false,
              "optionalPut": false,
              "optionalGet": false,
              "output": true,
              "queryonly": false,
              "query": false,
              "representation": false
            },
            "constraints": {}
          },
          {
            "name": "c",
            "stringMap": false,
            "type": {
              "parents": [],
              "short": "date",
              "name": "date",
              "parentShort": "",
              "parentName": ""
            },
            "inline": false,
            "linked": false,
            "full": false,
            "modifiers": {
              "flag": false,
              "mutable": false,
              "optional": true,
              "optionalPost": false,
              "optionalPut": false,
              "optionalGet": false,
              "output": false,
              "queryonly": false,
              "query": false,
              "representation": false
            },
            "constraints": {},
            "default": {
              "type": "string",
              "value": "12/20/1990"
            }
          },
          {
            "name": "e",
            "stringMap": false,
            "type": {
              "parents": [],
              "short": "Struct4",
              "name": "Struct4",
              "parentShort": "",
              "parentName": ""
            },
            "inline": true,
            "linked": false,
            "full": false,
            "modifiers": {
              "flag": false,
              "mutable": false,
              "optional": false,
              "optionalPost": false,
              "optionalPut": false,
              "optionalGet": false,
              "output": false,
              "queryonly": false,
              "query": false,
              "representation": false
            },
            "constraints": {}
          },
          {
            "name": "f",
            "stringMap": false,
            "type": {
              "parents": [],
              "short": "boolean",
              "name": "boolean",
              "parentShort": "",
              "parentName": ""
            },
            "inline": false,
            "linked": false,
            "full": false,
            "modifiers": {
              "flag": false,
              "mutable": false,
              "optional": true,
              "optionalPost": false,
              "optionalPut": false,
              "optionalGet": false,
              "output": false,
              "queryonly": false,
              "query": false,
              "representation": false
            },
            "constraints": {},
            "default": {
              "type": "boolean",
              "value": "true"
            }
          }
        ],
        "name": "Struct3",
        "parentShort": "",
        "parentName": "",
        "secondary": false,
        "file": "resources.reslang"
      },
      {
        "category": "definition",
        "kind": "structure",
        "type": "structure",
        "parents": [],
        "short": "Struct4",
        "attributes": [
          {
            "name": "d",
            "stringMap": false,
            "type": {
              "parents": [],
              "short": "int",
              "name": "int",
              "parentShort": "",
              "parentName": ""
            },
            "inline": false,
            "linked": false,
            "full": false,
            "modifiers": {
              "flag": false,
              "mutable": true,
              "optional": false,
              "optionalPost": false,
              "optionalPut": false,
              "optionalGet": false,
              "output": false,
              "queryonly": false,
              "query": false,
              "representation": false
            },
            "constraints": {}
          }
        ],
        "name": "Struct4",
        "parentShort": "",
        "parentName": "",
        "secondary": false,
        "file": "resources.reslang"
      }
    ],
    "diagrams": [],
    "docs": []
  },
  {
    "namespace": [],
    "imports": [],
    "servers": [],
    "tags": [],
    "definitions": [
      {
        "category": "definition",
        "kind": "structure",
        "type": "structure",
        "parents": [],
        "short": "StandardError",
        "attributes": [
          {
            "name": "httpStatus",
            "comment": "HTTP error status code for this problem",
            "stringMap": false,
            "type": {
              "parents": [],
              "short": "int",
              "name": "int",
              "parentShort": "",
              "parentName": ""
            },
            "inline": false,
            "linked": false,
            "full": false,
            "modifiers": {
              "flag": false,
              "mutable": false,
              "optional": false,
              "optionalPost": false,
              "optionalPut": false,
              "optionalGet": false,
              "output": false,
              "queryonly": false,
              "query": false,
              "representation": false
            },
            "constraints": {}
          },
          {
            "name": "errorCode",
            "comment": "Service specific error code, more granular",
            "stringMap": false,
            "type": {
              "parents": [],
              "short": "string",
              "name": "string",
              "parentShort": "",
              "parentName": ""
            },
            "inline": false,
            "linked": false,
            "full": false,
            "modifiers": {
              "flag": false,
              "mutable": false,
              "optional": false,
              "optionalPost": false,
              "optionalPut": false,
              "optionalGet": false,
              "output": false,
              "queryonly": false,
              "query": false,
              "representation": false
            },
            "constraints": {}
          },
          {
            "name": "message",
            "comment": "General, human readable error message",
            "stringMap": false,
            "type": {
              "parents": [],
              "short": "string",
              "name": "string",
              "parentShort": "",
              "parentName": ""
            },
            "inline": false,
            "linked": false,
            "full": false,
            "modifiers": {
              "flag": false,
              "mutable": false,
              "optional": false,
              "optionalPost": false,
              "optionalPut": false,
              "optionalGet": false,
              "output": false,
              "queryonly": false,
              "query": false,
              "representation": false
            },
            "constraints": {}
          }
        ],
        "name": "StandardError",
        "parentShort": "",
        "parentName": "",
        "secondary": false,
        "file": "local.reslang"
      }
    ],
    "diagrams": [],
    "docs": []
  },
  {
    "namespace": [],
    "imports": [],
    "servers": [
      {
        "category": "servers",
        "rest": [
          {
            "url": "https://api.liveramp.com",
            "environment": "PROD"
          }
        ],
        "events": [
          {
            "comment": "Production Google Pubsub server",
            "url": "https://pubsub.googleapis.com/v1/projects/liveramp-events-prod",
            "environment": "PROD",
            "protocol": "GOOGLE_PUBSUB"
          }
        ]
      }
    ],
    "tags": [],
    "definitions": [],
    "diagrams": [],
    "docs": []
  }
]
