[
  {
    "namespace": [
      {
        "category": "namespace",
        "comment": "This is the description of the API",
        "title": "An API showing evolution",
        "version": "1.1.2"
      }
    ],
    "imports": [],
    "servers": [],
    "tags": [],
    "definitions": [],
    "diagrams": [],
    "docs": []
  },
  {
    "namespace": [],
    "imports": [],
    "servers": [],
    "tags": [],
    "definitions": [],
    "diagrams": [
      {
        "category": "diagram",
        "diagram": "main",
        "include": [
          {
            "module": "upversion",
            "parents": [],
            "short": "reslang",
            "name": "upversion.reslang",
            "parentShort": "",
            "parentName": ""
          }
        ],
        "groups": []
      }
    ],
    "docs": []
  },
  {
    "namespace": [],
    "imports": [],
    "servers": [],
    "tags": [],
    "definitions": [
      {
        "category": "definition",
        "kind": "resource-like",
        "future": false,
        "singleton": false,
        "type": "resource",
        "attributes": [
          {
            "name": "id",
            "stringMap": false,
            "type": {
              "parents": [],
              "short": "int",
              "name": "int",
              "parentShort": "",
              "parentName": ""
            },
            "inline": false,
            "linked": false,
            "full": false,
            "modifiers": {
              "flag": false,
              "mutable": false,
              "optional": false,
              "optionalPost": false,
              "optionalPut": false,
              "optionalGet": false,
              "output": false,
              "queryonly": false,
              "query": false,
              "representation": false
            },
            "constraints": {}
          },
          {
            "name": "name",
            "stringMap": false,
            "type": {
              "parents": [],
              "short": "string",
              "name": "string",
              "parentShort": "",
              "parentName": ""
            },
            "inline": false,
            "linked": false,
            "full": false,
            "modifiers": {
              "flag": false,
              "mutable": false,
              "optional": false,
              "optionalPost": false,
              "optionalPut": false,
              "optionalGet": false,
              "output": false,
              "queryonly": false,
              "query": false,
              "representation": false
            },
            "constraints": {}
          },
          {
            "name": "bId",
            "stringMap": false,
            "type": {
              "parents": [],
              "short": "ResourceB",
              "name": "ResourceB",
              "parentShort": "",
              "parentName": ""
            },
            "inline": false,
            "linked": true,
            "full": false,
            "modifiers": {
              "flag": false,
              "mutable": false,
              "optional": false,
              "optionalPost": false,
              "optionalPut": false,
              "optionalGet": false,
              "output": false,
              "queryonly": false,
              "query": false,
              "representation": false
            },
            "constraints": {}
          },
          {
            "name": "newBId",
            "stringMap": false,
            "type": {
              "parents": [],
              "short": "v2/ResourceB",
              "name": "v2/ResourceB",
              "parentShort": "",
              "parentName": ""
            },
            "inline": false,
            "linked": true,
            "full": false,
            "modifiers": {
              "flag": false,
              "mutable": false,
              "optional": false,
              "optionalPost": false,
              "optionalPut": false,
              "optionalGet": false,
              "output": false,
              "queryonly": false,
              "query": false,
              "representation": false
            },
            "constraints": {}
          }
        ],
        "operations": [
          {
            "operation": "GET",
            "options": [],
            "errors": []
          }
        ],
        "parents": [],
        "short": "ResourceA",
        "name": "ResourceA",
        "parentShort": "",
        "parentName": "",
        "namespace": "",
        "secondary": false,
        "file": "upversion.reslang"
      },
      {
        "category": "definition",
        "kind": "resource-like",
        "future": false,
        "singleton": false,
        "type": "resource",
        "attributes": [
          {
            "name": "id",
            "stringMap": false,
            "type": {
              "parents": [],
              "short": "int",
              "name": "int",
              "parentShort": "",
              "parentName": ""
            },
            "inline": false,
            "linked": false,
            "full": false,
            "modifiers": {
              "flag": false,
              "mutable": false,
              "optional": false,
              "optionalPost": false,
              "optionalPut": false,
              "optionalGet": false,
              "output": false,
              "queryonly": false,
              "query": false,
              "representation": false
            },
            "constraints": {}
          },
          {
            "name": "size",
            "stringMap": false,
            "type": {
              "parents": [],
              "short": "int",
              "name": "int",
              "parentShort": "",
              "parentName": ""
            },
            "inline": false,
            "linked": false,
            "full": false,
            "modifiers": {
              "flag": false,
              "mutable": false,
              "optional": false,
              "optionalPost": false,
              "optionalPut": false,
              "optionalGet": false,
              "output": false,
              "queryonly": false,
              "query": false,
              "representation": false
            },
            "constraints": {}
          }
        ],
        "operations": [
          {
            "operation": "POST",
            "options": [],
            "errors": []
          },
          {
            "operation": "GET",
            "options": [],
            "errors": []
          },
          {
            "operation": "PUT",
            "options": [],
            "errors": []
          }
        ],
        "parents": [],
        "short": "ResourceB",
        "name": "ResourceB",
        "parentShort": "",
        "parentName": "",
        "namespace": "",
        "secondary": false,
        "file": "upversion.reslang"
      },
      {
        "category": "definition",
        "kind": "resource-like",
        "future": false,
        "singleton": false,
        "type": "resource",
        "attributes": [
          {
            "name": "id",
            "stringMap": false,
            "type": {
              "parents": [],
              "short": "int",
              "name": "int",
              "parentShort": "",
              "parentName": ""
            },
            "inline": false,
            "linked": false,
            "full": false,
            "modifiers": {
              "flag": false,
              "mutable": false,
              "optional": false,
              "optionalPost": false,
              "optionalPut": false,
              "optionalGet": false,
              "output": false,
              "queryonly": false,
              "query": false,
              "representation": false
            },
            "constraints": {}
          },
          {
            "name": "totalSize",
            "stringMap": false,
            "type": {
              "parents": [],
              "short": "int",
              "name": "int",
              "parentShort": "",
              "parentName": ""
            },
            "inline": false,
            "linked": false,
            "full": false,
            "modifiers": {
              "flag": false,
              "mutable": false,
              "optional": false,
              "optionalPost": false,
              "optionalPut": false,
              "optionalGet": false,
              "output": false,
              "queryonly": false,
              "query": false,
              "representation": false
            },
            "constraints": {}
          }
        ],
        "operations": [
          {
            "operation": "POST",
            "options": [],
            "errors": []
          },
          {
            "operation": "GET",
            "options": [],
            "errors": []
          }
        ],
        "parents": [],
        "short": "v2/ResourceB",
        "name": "v2/ResourceB",
        "parentShort": "",
        "parentName": "",
        "namespace": "",
        "secondary": false,
        "file": "upversion.reslang"
      },
      {
        "category": "definition",
        "kind": "resource-like",
        "future": false,
        "singleton": false,
        "type": "subresource",
        "attributes": [
          {
            "name": "id",
            "stringMap": false,
            "type": {
              "parents": [],
              "short": "int",
              "name": "int",
              "parentShort": "",
              "parentName": ""
            },
            "inline": false,
            "linked": false,
            "full": false,
            "modifiers": {
              "flag": false,
              "mutable": false,
              "optional": false,
              "optionalPost": false,
              "optionalPut": false,
              "optionalGet": false,
              "output": false,
              "queryonly": false,
              "query": false,
              "representation": false
            },
            "constraints": {}
          },
          {
            "name": "name",
            "stringMap": false,
            "type": {
              "parents": [],
              "short": "string",
              "name": "string",
              "parentShort": "",
              "parentName": ""
            },
            "inline": false,
            "linked": false,
            "full": false,
            "modifiers": {
              "flag": false,
              "mutable": false,
              "optional": false,
              "optionalPost": false,
              "optionalPut": false,
              "optionalGet": false,
              "output": false,
              "queryonly": false,
              "query": false,
              "representation": false
            },
            "constraints": {}
          }
        ],
        "operations": [
          {
            "operation": "POST",
            "options": [],
            "errors": []
          },
          {
            "operation": "GET",
            "options": [],
            "errors": []
          }
        ],
        "parents": [
          "v2/ResourceB"
        ],
        "short": "Sub",
        "name": "v2/ResourceB::Sub",
        "parentShort": "v2/ResourceB",
        "parentName": "v2/ResourceB",
        "secondary": false,
        "file": "upversion.reslang"
      }
    ],
    "diagrams": [],
    "docs": []
  },
  {
    "namespace": [],
    "imports": [],
    "servers": [],
    "tags": [],
    "definitions": [
      {
        "category": "definition",
        "kind": "structure",
        "type": "structure",
        "parents": [],
        "short": "StandardError",
        "attributes": [
          {
            "name": "httpStatus",
            "comment": "HTTP error status code for this problem",
            "stringMap": false,
            "type": {
              "parents": [],
              "short": "int",
              "name": "int",
              "parentShort": "",
              "parentName": ""
            },
            "inline": false,
            "linked": false,
            "full": false,
            "modifiers": {
              "flag": false,
              "mutable": false,
              "optional": false,
              "optionalPost": false,
              "optionalPut": false,
              "optionalGet": false,
              "output": false,
              "queryonly": false,
              "query": false,
              "representation": false
            },
            "constraints": {}
          },
          {
            "name": "errorCode",
            "comment": "Service specific error code, more granular",
            "stringMap": false,
            "type": {
              "parents": [],
              "short": "string",
              "name": "string",
              "parentShort": "",
              "parentName": ""
            },
            "inline": false,
            "linked": false,
            "full": false,
            "modifiers": {
              "flag": false,
              "mutable": false,
              "optional": false,
              "optionalPost": false,
              "optionalPut": false,
              "optionalGet": false,
              "output": false,
              "queryonly": false,
              "query": false,
              "representation": false
            },
            "constraints": {}
          },
          {
            "name": "message",
            "comment": "General, human readable error message",
            "stringMap": false,
            "type": {
              "parents": [],
              "short": "string",
              "name": "string",
              "parentShort": "",
              "parentName": ""
            },
            "inline": false,
            "linked": false,
            "full": false,
            "modifiers": {
              "flag": false,
              "mutable": false,
              "optional": false,
              "optionalPost": false,
              "optionalPut": false,
              "optionalGet": false,
              "output": false,
              "queryonly": false,
              "query": false,
              "representation": false
            },
            "constraints": {}
          }
        ],
        "name": "StandardError",
        "parentShort": "",
        "parentName": "",
        "secondary": false,
        "file": "local.reslang"
      }
    ],
    "diagrams": [],
    "docs": []
  },
  {
    "namespace": [],
    "imports": [],
    "servers": [
      {
        "category": "servers",
        "rest": [
          {
            "url": "https://api.liveramp.com",
            "environment": "PROD"
          }
        ],
        "events": [
          {
            "comment": "Production Google Pubsub server",
            "url": "https://pubsub.googleapis.com/v1/projects/liveramp-events-prod",
            "environment": "PROD",
            "protocol": "GOOGLE_PUBSUB"
          }
        ]
      }
    ],
    "tags": [],
    "definitions": [],
    "diagrams": [],
    "docs": []
  }
]
