{
  "namespace": {
    "comment": "This is the description of the API",
    "title": "Complex resource API",
    "version": "0.0.1"
  },
  "defs": [
    {
      "type": "asset-resource",
      "name": "Car",
      "singleton": false,
      "comment": "this is a Car resource",
      "attributes": [
        {
          "name": "id",
          "type": {
            "name": "int",
            "short": "int"
          },
          "multiple": false,
          "output": false,
          "linked": false
        },
        {
          "name": "bought",
          "type": {
            "name": "date",
            "short": "date"
          },
          "multiple": false,
          "output": true,
          "linked": false
        },
        {
          "name": "brand",
          "type": {
            "name": "BrandEnum",
            "short": "BrandEnum"
          },
          "multiple": false,
          "output": false,
          "linked": false
        },
        {
          "name": "engine",
          "type": {
            "name": "Specification",
            "short": "Specification"
          },
          "multiple": false,
          "output": false,
          "linked": false
        },
        {
          "name": "components",
          "type": {
            "name": "Specification",
            "short": "Specification"
          },
          "multiple": true,
          "output": false,
          "linked": false
        },
        {
          "name": "home",
          "type": {
            "parent": "simple-resource",
            "name": "simple-resource-Garage",
            "short": "Garage"
          },
          "multiple": false,
          "output": false,
          "linked": true
        },
        {
          "name": "manufacturer",
          "type": {
            "parent": "simple-resource",
            "name": "simple-resource-Manufacturer",
            "short": "Manufacturer"
          },
          "multiple": false,
          "output": false,
          "linked": false
        },
        {
          "name": "rented",
          "type": {
            "parent": "simple-resource",
            "name": "simple-resource-Garage",
            "short": "Garage"
          },
          "multiple": true,
          "output": false,
          "linked": true
        }
      ],
      "operations": [
        {
          "operation": "POST"
        },
        {
          "operation": "GET"
        },
        {
          "operation": "MULTIGET",
          "ids": [
            "id",
            "brand"
          ]
        }
      ],
      "short": "Car",
      "secondary": false
    },
    {
      "type": "structure",
      "name": "Specification",
      "comment": "this is a specification!",
      "attributes": [
        {
          "name": "type",
          "type": {
            "name": "string",
            "short": "string"
          },
          "multiple": false,
          "output": false,
          "linked": false
        },
        {
          "name": "documentation",
          "type": {
            "name": "string",
            "short": "string"
          },
          "multiple": false,
          "output": false,
          "linked": false
        }
      ],
      "short": "Specification",
      "secondary": false
    },
    {
      "type": "subresource",
      "name": "Car--Wheel",
      "singleton": false,
      "parent": "Car",
      "comment": "A wheel is owned by a car",
      "attributes": [
        {
          "name": "id",
          "type": {
            "name": "int",
            "short": "int"
          },
          "multiple": false,
          "output": false,
          "linked": false
        },
        {
          "name": "radius",
          "type": {
            "name": "double",
            "short": "double"
          },
          "multiple": false,
          "output": false,
          "linked": false
        }
      ],
      "operations": [
        {
          "operation": "GET"
        },
        {
          "operation": "PUT"
        },
        {
          "operation": "POST"
        },
        {
          "operation": "MULTIGET",
          "ids": [
            "id"
          ]
        }
      ],
      "short": "Wheel",
      "parentShort": "Car",
      "secondary": false
    },
    {
      "type": "enum",
      "name": "BrandEnum",
      "literals": [
        "TOYOTA",
        "FORD"
      ],
      "short": "BrandEnum",
      "secondary": false
    },
    {
      "type": "configuration-resource",
      "name": "simple-resource-Garage",
      "singleton": false,
      "comment": "This is a description of a garage",
      "attributes": [
        {
          "name": "id",
          "type": {
            "name": "string",
            "short": "string"
          },
          "multiple": false,
          "output": false,
          "linked": false
        },
        {
          "name": "name",
          "type": {
            "name": "string",
            "short": "string"
          },
          "multiple": false,
          "output": false,
          "linked": false
        },
        {
          "name": "manufacturer",
          "type": {
            "name": "simple-resource-Manufacturer",
            "short": "Manufacturer"
          },
          "multiple": false,
          "output": false,
          "linked": false
        }
      ],
      "operations": [
        {
          "operation": "PUT",
          "comment": "Actual PUT comment"
        },
        {
          "operation": "POST",
          "comment": "Actual POST comment"
        },
        {
          "operation": "GET"
        },
        {
          "operation": "DELETE"
        },
        {
          "operation": "MULTIGET",
          "ids": [
            "id",
            "name"
          ]
        }
      ],
      "short": "Garage",
      "secondary": true
    },
    {
      "type": "structure",
      "name": "simple-resource-Manufacturer",
      "attributes": [
        {
          "name": "company",
          "type": {
            "name": "string",
            "short": "string"
          },
          "multiple": false,
          "output": false,
          "linked": false
        }
      ],
      "short": "Manufacturer",
      "secondary": true
    }
  ]
}
