{
  "namespace": {
    "comment": "This is the description of the API",
    "title": "API of a request",
    "version": "0.0.1"
  },
  "defs": [
    {
      "future": false,
      "type": "request-resource",
      "name": "UploadRequest",
      "singleton": false,
      "attributes": [
        {
          "name": "id",
          "type": {
            "name": "int",
            "short": "int"
          },
          "multiple": false,
          "output": false,
          "linked": false
        },
        {
          "name": "name",
          "type": {
            "name": "string",
            "short": "string"
          },
          "multiple": false,
          "output": false,
          "linked": false
        },
        {
          "name": "status",
          "type": {
            "name": "UploadRequestStatusEnum",
            "short": "UploadRequestStatusEnum"
          },
          "multiple": false,
          "output": false,
          "linked": false
        },
        {
          "name": "client",
          "type": {
            "name": "string",
            "short": "string"
          },
          "multiple": false,
          "output": false,
          "linked": false
        }
      ],
      "operations": [
        {
          "operation": "POST",
          "errors": []
        },
        {
          "operation": "GET",
          "errors": []
        },
        {
          "operation": "MULTIGET",
          "ids": [
            "id",
            "name"
          ],
          "errors": []
        }
      ],
      "short": "UploadRequest",
      "secondary": false
    },
    {
      "future": false,
      "type": "subresource",
      "name": "UploadRequest--Status",
      "singleton": true,
      "parent": "UploadRequest",
      "attributes": [
        {
          "name": "id",
          "type": {
            "name": "int",
            "short": "int"
          },
          "multiple": false,
          "output": false,
          "linked": false
        },
        {
          "name": "recordsProcessed",
          "type": {
            "name": "int",
            "short": "int"
          },
          "multiple": false,
          "output": false,
          "linked": false
        },
        {
          "name": "completed",
          "type": {
            "name": "boolean",
            "short": "boolean"
          },
          "multiple": false,
          "output": false,
          "linked": false
        }
      ],
      "operations": [
        {
          "operation": "GET",
          "errors": []
        }
      ],
      "short": "Status",
      "parentShort": "UploadRequest",
      "secondary": false
    },
    {
      "future": false,
      "type": "subresource",
      "name": "UploadRequest--RecordSet",
      "singleton": false,
      "parent": "UploadRequest",
      "attributes": [
        {
          "name": "id",
          "type": {
            "name": "int",
            "short": "int"
          },
          "multiple": false,
          "output": false,
          "linked": false
        },
        {
          "name": "company",
          "type": {
            "name": "string",
            "short": "string"
          },
          "multiple": false,
          "output": false,
          "linked": false
        },
        {
          "name": "records",
          "type": {
            "name": "Record",
            "short": "Record"
          },
          "multiple": true,
          "output": false,
          "linked": false
        }
      ],
      "operations": [
        {
          "operation": "GET",
          "errors": []
        },
        {
          "operation": "POST",
          "errors": []
        }
      ],
      "short": "RecordSet",
      "parentShort": "UploadRequest",
      "secondary": false
    },
    {
      "type": "structure",
      "name": "Record",
      "attributes": [
        {
          "name": "details",
          "type": {
            "name": "string",
            "short": "string"
          },
          "multiple": false,
          "output": false,
          "linked": false
        },
        {
          "name": "address",
          "type": {
            "name": "string",
            "short": "string"
          },
          "multiple": false,
          "output": false,
          "linked": false
        }
      ],
      "short": "Record",
      "secondary": false
    },
    {
      "future": false,
      "type": "action",
      "name": "UploadRequest--StartProcessingAction",
      "singleton": false,
      "parent": "UploadRequest",
      "attributes": [
        {
          "name": "id",
          "type": {
            "name": "string",
            "short": "string"
          },
          "multiple": false,
          "output": false,
          "linked": false
        }
      ],
      "operations": [
        {
          "operation": "POST",
          "errors": []
        }
      ],
      "short": "StartProcessingAction",
      "parentShort": "UploadRequest",
      "secondary": false
    },
    {
      "future": false,
      "type": "action",
      "name": "UploadRequest--StopProcessingAction",
      "singleton": false,
      "parent": "UploadRequest",
      "attributes": [
        {
          "name": "id",
          "type": {
            "name": "int",
            "short": "int"
          },
          "multiple": false,
          "output": false,
          "linked": false
        },
        {
          "name": "when",
          "type": {
            "name": "datetime",
            "short": "datetime"
          },
          "multiple": false,
          "output": false,
          "linked": false
        }
      ],
      "operations": [
        {
          "operation": "POST",
          "errors": []
        },
        {
          "operation": "GET",
          "errors": []
        }
      ],
      "short": "StopProcessingAction",
      "parentShort": "UploadRequest",
      "secondary": false
    },
    {
      "type": "enum",
      "name": "UploadRequestStatusEnum",
      "literals": [
        "STARTED",
        "STOPPED",
        "COMPLETED"
      ],
      "short": "UploadRequestStatusEnum",
      "secondary": false
    }
  ]
}
