{
  "namespace": {
    "comment": "This is the description of the API",
    "title": "An API with a singleton asset resource",
    "version": "0.1.2"
  },
  "defs": [
    {
      "type": "asset-resource",
      "name": "Resource",
      "singleton": true,
      "attributes": [
        {
          "name": "id",
          "type": {
            "name": "int",
            "short": "int"
          },
          "multiple": false,
          "output": false,
          "linked": false
        },
        {
          "name": "name",
          "type": {
            "name": "string",
            "short": "string"
          },
          "multiple": false,
          "output": false,
          "linked": false
        }
      ],
      "operations": [
        {
          "operation": "PUT"
        },
        {
          "operation": "GET"
        }
      ],
      "short": "Resource",
      "secondary": false
    },
    {
      "type": "subresource",
      "name": "Resource--Metadata",
      "singleton": true,
      "parent": "Resource",
      "attributes": [
        {
          "name": "id",
          "type": {
            "name": "int",
            "short": "int"
          },
          "multiple": false,
          "output": false,
          "linked": false
        },
        {
          "name": "info",
          "type": {
            "name": "string",
            "short": "string"
          },
          "multiple": false,
          "output": false,
          "linked": false
        }
      ],
      "operations": [
        {
          "operation": "PUT"
        },
        {
          "operation": "GET"
        }
      ],
      "short": "Metadata",
      "parentShort": "Resource",
      "secondary": false
    }
  ]
}
