{
  "namespace": {
    "comment": "Optionality test",
    "space": "",
    "title": "Optionality",
    "version": "0.0.1"
  },
  "definitions": [
    {
      "kind": "resource-like",
      "comment": "A Car Garage",
      "future": false,
      "singleton": false,
      "type": "configuration-resource",
      "attributes": [
        {
          "name": "id",
          "stringMap": false,
          "type": {
            "parents": [],
            "short": "string",
            "name": "string",
            "parentShort": "",
            "parentName": ""
          },
          "inline": false,
          "linked": false,
          "full": false,
          "modifiers": {
            "mutable": false,
            "optional": false,
            "optionalPost": false,
            "optionalPut": false,
            "optionalGet": false,
            "output": false,
            "queryonly": false,
            "query": false,
            "representation": false
          },
          "constraints": {}
        },
        {
          "name": "make",
          "stringMap": false,
          "type": {
            "parents": [],
            "short": "string",
            "name": "string",
            "parentShort": "",
            "parentName": ""
          },
          "inline": false,
          "linked": false,
          "full": false,
          "modifiers": {
            "mutable": false,
            "optional": false,
            "optionalPost": false,
            "optionalPut": false,
            "optionalGet": false,
            "output": false,
            "queryonly": false,
            "query": false,
            "representation": false
          },
          "constraints": {}
        },
        {
          "name": "nitro",
          "stringMap": false,
          "type": {
            "parents": [],
            "short": "string",
            "name": "string",
            "parentShort": "",
            "parentName": ""
          },
          "inline": false,
          "linked": false,
          "full": false,
          "modifiers": {
            "mutable": true,
            "optional": false,
            "optionalPost": true,
            "optionalPut": false,
            "optionalGet": false,
            "output": false,
            "queryonly": false,
            "query": false,
            "representation": false
          },
          "constraints": {}
        },
        {
          "name": "created",
          "stringMap": false,
          "type": {
            "parents": [],
            "short": "datetime",
            "name": "datetime",
            "parentShort": "",
            "parentName": ""
          },
          "inline": false,
          "linked": false,
          "full": false,
          "modifiers": {
            "mutable": false,
            "optional": false,
            "optionalPost": false,
            "optionalPut": false,
            "optionalGet": false,
            "output": true,
            "queryonly": false,
            "query": false,
            "representation": false
          },
          "constraints": {}
        },
        {
          "name": "location",
          "stringMap": false,
          "type": {
            "parents": [],
            "short": "string",
            "name": "string",
            "parentShort": "",
            "parentName": ""
          },
          "inline": false,
          "linked": false,
          "full": false,
          "modifiers": {
            "mutable": true,
            "optional": false,
            "optionalPost": false,
            "optionalPut": true,
            "optionalGet": false,
            "output": false,
            "queryonly": false,
            "query": false,
            "representation": false
          },
          "constraints": {}
        }
      ],
      "operations": [
        {
          "operation": "GET",
          "comment": "Get a single car",
          "errors": []
        },
        {
          "operation": "POST",
          "comment": "Create a car",
          "errors": []
        },
        {
          "operation": "PUT",
          "comment": "Update a car",
          "errors": []
        },
        {
          "operation": "PATCH",
          "comment": "Patch a car",
          "errors": []
        }
      ],
      "parents": [],
      "short": "Car",
      "name": "Car",
      "parentShort": "",
      "parentName": "",
      "secondary": false,
      "file": "resources.reslang"
    },
    {
      "kind": "structure",
      "type": "structure",
      "parents": [],
      "short": "StandardError",
      "attributes": [
        {
          "name": "httpStatus",
          "comment": "HTTP error status code for this problem",
          "stringMap": false,
          "type": {
            "parents": [],
            "short": "int",
            "name": "int",
            "parentShort": "",
            "parentName": ""
          },
          "inline": false,
          "linked": false,
          "full": false,
          "modifiers": {
            "mutable": false,
            "optional": false,
            "optionalPost": false,
            "optionalPut": false,
            "optionalGet": false,
            "output": false,
            "queryonly": false,
            "query": false,
            "representation": false
          },
          "constraints": {}
        },
        {
          "name": "errorCode",
          "comment": "Service specific error code, more granular",
          "stringMap": false,
          "type": {
            "parents": [],
            "short": "string",
            "name": "string",
            "parentShort": "",
            "parentName": ""
          },
          "inline": false,
          "linked": false,
          "full": false,
          "modifiers": {
            "mutable": false,
            "optional": false,
            "optionalPost": false,
            "optionalPut": false,
            "optionalGet": false,
            "output": false,
            "queryonly": false,
            "query": false,
            "representation": false
          },
          "constraints": {}
        },
        {
          "name": "message",
          "comment": "General, human readable error message",
          "stringMap": false,
          "type": {
            "parents": [],
            "short": "string",
            "name": "string",
            "parentShort": "",
            "parentName": ""
          },
          "inline": false,
          "linked": false,
          "full": false,
          "modifiers": {
            "mutable": false,
            "optional": false,
            "optionalPost": false,
            "optionalPut": false,
            "optionalGet": false,
            "output": false,
            "queryonly": false,
            "query": false,
            "representation": false
          },
          "constraints": {}
        }
      ],
      "name": "StandardError",
      "parentShort": "",
      "parentName": "",
      "secondary": false,
      "file": "local.reslang"
    }
  ],
  "diagrams": [
    {
      "diagram": "main",
      "include": [
        {
          "module": "resources",
          "parents": [],
          "short": "reslang",
          "name": "resources.reslang",
          "parentShort": "",
          "parentName": ""
        }
      ],
      "groups": []
    }
  ]
}
