asyncapi: 2.0.0
info:
  title: Data buyer API
  description: Data buyer API
  version: 0.0.1
servers:
  PROD:
    url: 'http://pubsub.google.com'
    protocol: GOOGLE_PUBSUB
    description: Production Google Pubsub server
defaultContentType: application/json
channels:
  topics/databuyer.v1-deliver-purchased-segments-resource:
    description: no documentation
    subscribe:
      summary: 'REST: DeliverPurchasedSegments'
      operationId: DeliverPurchasedSegments
      message:
        $ref: '#/components/messages/DeliverPurchasedSegments'
components:
  messages:
    DeliverPurchasedSegments:
      name: DeliverPurchasedSegments
      title: DeliverPurchasedSegments
      contentType: application/json
      traits:
        - $ref: '#/components/messageTraits/DeliverPurchasedSegmentsHeader'
      payload:
        $ref: '#/components/schemas/DeliverPurchasedSegmentsOutput'
  schemas:
    DeliverPurchasedSegmentsHeader:
      type: object
      properties:
        verb:
          description: ''
          type: string
          enum:
            - POST
            - GET
        location:
          description: ''
          type: string
          format: url
          example: 'https://www.domain.com (url)'
        ids:
          description: ''
          items:
            type: string
          type: array
      required:
        - verb
        - location
        - ids
    DeliverPurchasedSegmentsOutput:
      type: object
      properties:
        id:
          type: string
        segmentsToDelivers:
          description: Link to Segment resources via their ids
          items:
            type: string
          type: array
        whereToDeliver:
          type: string
          description: Link to Destination resource via its id
        segmentStatuses:
          items:
            type: object
            $ref: '#/components/schemas/DeliveryStatus'
          type: array
        complete:
          type: boolean
      required:
        - id
        - segmentsToDeliver
        - whereToDeliver
        - segmentStatuses
        - complete
    DeliveryStatus:
      type: object
      properties:
        updated:
          type: string
          format: ISO8601 UTC date-time
          example: '2019-04-13T03:35:34Z'
        segment:
          type: string
          description: Link to Segment resource via its id
        status:
          $ref: '#/components/schemas/DeliveryStatusEnum'
          type: string
      required:
        - updated
        - segment
        - status
    DeliveryStatusEnum:
      type: string
      enum:
        - PENDING
        - DELIVERED
        - ERROR
  messageTraits:
    DeliverPurchasedSegmentsHeader:
      headers:
        type: object
        properties:
          verb:
            description: ''
            type: string
            enum:
              - POST
              - GET
          location:
            description: ''
            type: string
            format: url
            example: 'https://www.domain.com (url)'
          ids:
            description: ''
            items:
              type: string
            type: array
        required:
          - verb
          - location
          - ids

