openapi: 3.0.1
info:
  title: Resource-like attributes test
  description: |-
    Test for subresources
    Reslang generates `Output` and `Input` schema for each of the
    resource-like definitions it receives in any given *.reslang file.

    Currently it only tests attribues of type `value-of <subresource>`
    TODO: Other resourcelike attributes.
  version: 0.0.1
servers:
  - description: ''
    url: 'https://api.liveramp.com/test/resourcelike-attribute'
tags:
  - name: UpperResource
    description: '(resource)  '
  - name: 'UpperResource::LowerResource'
    description: '(subresource)  '
paths:
  '/v1/upper-resources/{id}':
    get:
      tags:
        - UpperResource
      operationId: Get UpperResource
      description: ''
      summary: Get UpperResource
      responses:
        '200':
          description: UpperResource retrieved successfully
          content:
            application/json:
              schema:
                $ref: '#/components/schemas/UpperResourceOutput'
        '404':
          description: UpperResource not found
          content:
            application/json:
              schema:
                $ref: '#/components/schemas/StandardError'
      parameters:
        - in: path
          name: id
          required: true
          schema:
            type: string
components:
  parameters: {}
  schemas:
    UpperResourceOutput:
      type: object
      properties:
        id:
          type: string
        subresource:
          allOf:
            - $ref: '#/components/schemas/UpperResourceLowerResourceOutput'
          type: object
      required:
        - id
        - subresource
    UpperResourceLowerResourceOutput:
      type: object
      properties:
        name:
          type: string
      required:
        - name
    StandardError:
      type: object
      properties:
        httpStatus:
          description: HTTP error status code for this problem
          type: integer
          format: int32
        errorCode:
          description: 'Service specific error code, more granular'
          type: string
        message:
          description: 'General, human readable error message'
          type: string
      required:
        - httpStatus
        - errorCode
        - message
