[
  {
    "namespace": [],
    "imports": [],
    "servers": [],
    "tags": [],
    "definitions": [
      {
        "category": "definition",
        "kind": "resource-like",
        "future": false,
        "singleton": false,
        "type": "resource",
        "attributes": [
          {
            "name": "id",
            "stringMap": false,
            "type": {
              "parents": [],
              "short": "string",
              "name": "string",
              "parentShort": "",
              "parentName": ""
            },
            "inline": false,
            "linked": false,
            "full": false,
            "modifiers": {
              "flag": false,
              "mutable": false,
              "optional": false,
              "optionalPost": false,
              "optionalPut": false,
              "optionalGet": false,
              "output": false,
              "queryonly": false,
              "query": false,
              "representation": false
            },
            "constraints": {}
          }
        ],
        "operations": [
          {
            "operation": "GET",
            "options": [],
            "errors": []
          },
          {
            "operation": "PUT",
            "options": [],
            "errors": []
          },
          {
            "operation": "POST",
            "options": [],
            "errors": []
          }
        ],
        "parents": [],
        "short": "A",
        "name": "A",
        "parentShort": "",
        "parentName": "",
        "namespace": "",
        "secondary": false,
        "file": "a.reslang"
      },
      {
        "category": "definition",
        "kind": "resource-like",
        "future": false,
        "singleton": false,
        "type": "subresource",
        "attributes": [
          {
            "name": "id",
            "stringMap": false,
            "type": {
              "parents": [],
              "short": "string",
              "name": "string",
              "parentShort": "",
              "parentName": ""
            },
            "inline": false,
            "linked": false,
            "full": false,
            "modifiers": {
              "flag": false,
              "mutable": false,
              "optional": false,
              "optionalPost": false,
              "optionalPut": false,
              "optionalGet": false,
              "output": false,
              "queryonly": false,
              "query": false,
              "representation": false
            },
            "constraints": {}
          }
        ],
        "operations": [
          {
            "operation": "GET",
            "options": [],
            "errors": []
          },
          {
            "operation": "PUT",
            "options": [],
            "errors": []
          },
          {
            "operation": "POST",
            "options": [],
            "errors": []
          }
        ],
        "parents": [
          "A"
        ],
        "short": "Suba",
        "name": "A::Suba",
        "parentShort": "A",
        "parentName": "A",
        "secondary": false,
        "file": "a.reslang"
      }
    ],
    "diagrams": [],
    "docs": []
  },
  {
    "namespace": [
      {
        "category": "namespace",
        "comment": "Namespace test",
        "title": "Namespace test",
        "version": "0.0.11"
      }
    ],
    "imports": [],
    "servers": [],
    "tags": [],
    "definitions": [],
    "diagrams": [],
    "docs": []
  },
  {
    "namespace": [],
    "imports": [],
    "servers": [],
    "tags": [],
    "definitions": [],
    "diagrams": [
      {
        "category": "diagram",
        "diagram": "main",
        "include": [
          {
            "module": "a",
            "parents": [],
            "short": "reslang",
            "name": "a.reslang",
            "parentShort": "",
            "parentName": ""
          },
          {
            "module": "b",
            "parents": [],
            "short": "reslang",
            "name": "b.reslang",
            "parentShort": "",
            "parentName": ""
          }
        ],
        "groups": []
      }
    ],
    "docs": []
  },
  {
    "namespace": [],
    "imports": [],
    "servers": [],
    "tags": [],
    "definitions": [
      {
        "category": "definition",
        "kind": "resource-like",
        "future": false,
        "singleton": false,
        "type": "resource",
        "attributes": [
          {
            "name": "id",
            "stringMap": false,
            "type": {
              "parents": [],
              "short": "string",
              "name": "string",
              "parentShort": "",
              "parentName": ""
            },
            "inline": false,
            "linked": false,
            "full": false,
            "modifiers": {
              "flag": false,
              "mutable": false,
              "optional": false,
              "optionalPost": false,
              "optionalPut": false,
              "optionalGet": false,
              "output": false,
              "queryonly": false,
              "query": false,
              "representation": false
            },
            "constraints": {}
          }
        ],
        "operations": [
          {
            "operation": "GET",
            "options": [],
            "errors": []
          },
          {
            "operation": "PUT",
            "options": [],
            "errors": []
          },
          {
            "operation": "POST",
            "options": [],
            "errors": []
          }
        ],
        "parents": [],
        "short": "B",
        "name": "B",
        "parentShort": "",
        "parentName": "",
        "namespace": "nested",
        "secondary": false,
        "file": "b.reslang"
      },
      {
        "category": "definition",
        "kind": "resource-like",
        "future": false,
        "singleton": false,
        "type": "subresource",
        "attributes": [
          {
            "name": "id",
            "stringMap": false,
            "type": {
              "parents": [],
              "short": "string",
              "name": "string",
              "parentShort": "",
              "parentName": ""
            },
            "inline": false,
            "linked": false,
            "full": false,
            "modifiers": {
              "flag": false,
              "mutable": false,
              "optional": false,
              "optionalPost": false,
              "optionalPut": false,
              "optionalGet": false,
              "output": false,
              "queryonly": false,
              "query": false,
              "representation": false
            },
            "constraints": {}
          }
        ],
        "operations": [
          {
            "operation": "GET",
            "options": [],
            "errors": []
          },
          {
            "operation": "PUT",
            "options": [],
            "errors": []
          },
          {
            "operation": "POST",
            "options": [],
            "errors": []
          }
        ],
        "parents": [
          "B"
        ],
        "short": "Subb",
        "name": "B::Subb",
        "parentShort": "B",
        "parentName": "B",
        "secondary": false,
        "file": "b.reslang"
      }
    ],
    "diagrams": [],
    "docs": []
  },
  {
    "namespace": [],
    "imports": [],
    "servers": [],
    "tags": [],
    "definitions": [
      {
        "category": "definition",
        "kind": "structure",
        "type": "structure",
        "parents": [],
        "short": "StandardError",
        "attributes": [
          {
            "name": "httpStatus",
            "comment": "HTTP error status code for this problem",
            "stringMap": false,
            "type": {
              "parents": [],
              "short": "int",
              "name": "int",
              "parentShort": "",
              "parentName": ""
            },
            "inline": false,
            "linked": false,
            "full": false,
            "modifiers": {
              "flag": false,
              "mutable": false,
              "optional": false,
              "optionalPost": false,
              "optionalPut": false,
              "optionalGet": false,
              "output": false,
              "queryonly": false,
              "query": false,
              "representation": false
            },
            "constraints": {}
          },
          {
            "name": "errorCode",
            "comment": "Service specific error code, more granular",
            "stringMap": false,
            "type": {
              "parents": [],
              "short": "string",
              "name": "string",
              "parentShort": "",
              "parentName": ""
            },
            "inline": false,
            "linked": false,
            "full": false,
            "modifiers": {
              "flag": false,
              "mutable": false,
              "optional": false,
              "optionalPost": false,
              "optionalPut": false,
              "optionalGet": false,
              "output": false,
              "queryonly": false,
              "query": false,
              "representation": false
            },
            "constraints": {}
          },
          {
            "name": "message",
            "comment": "General, human readable error message",
            "stringMap": false,
            "type": {
              "parents": [],
              "short": "string",
              "name": "string",
              "parentShort": "",
              "parentName": ""
            },
            "inline": false,
            "linked": false,
            "full": false,
            "modifiers": {
              "flag": false,
              "mutable": false,
              "optional": false,
              "optionalPost": false,
              "optionalPut": false,
              "optionalGet": false,
              "output": false,
              "queryonly": false,
              "query": false,
              "representation": false
            },
            "constraints": {}
          }
        ],
        "name": "StandardError",
        "parentShort": "",
        "parentName": "",
        "secondary": false,
        "file": "local.reslang"
      }
    ],
    "diagrams": [],
    "docs": []
  },
  {
    "namespace": [],
    "imports": [],
    "servers": [
      {
        "category": "servers",
        "rest": [
          {
            "url": "https://api.liveramp.com",
            "environment": "PROD"
          }
        ],
        "events": [
          {
            "comment": "Production Google Pubsub server",
            "url": "https://pubsub.googleapis.com/v1/projects/liveramp-events-prod",
            "environment": "PROD",
            "protocol": "GOOGLE_PUBSUB"
          }
        ]
      }
    ],
    "tags": [],
    "definitions": [],
    "diagrams": [],
    "docs": []
  }
]
