{
  "namespace": {
    "comment": "Linked subresource test",
    "title": "Linked subresource",
    "version": "0.0.1"
  },
  "definitions": [
    {
      "kind": "resource-like",
      "future": false,
      "singleton": false,
      "type": "resource",
      "attributes": [
        {
          "name": "id",
          "stringMap": false,
          "type": {
            "parents": [],
            "short": "string",
            "name": "string",
            "parentShort": "",
            "parentName": ""
          },
          "inline": false,
          "linked": false,
          "full": false,
          "modifiers": {
            "mutable": false,
            "optional": false,
            "optionalPost": false,
            "optionalPut": false,
            "optionalGet": false,
            "output": false,
            "queryonly": false,
            "query": false,
            "representation": false
          },
          "constraints": {}
        }
      ],
      "operations": [
        {
          "operation": "GET",
          "errors": []
        }
      ],
      "parents": [],
      "short": "Foo",
      "name": "Foo",
      "parentShort": "",
      "parentName": "",
      "secondary": false,
      "file": "resources.reslang"
    },
    {
      "kind": "resource-like",
      "future": false,
      "singleton": false,
      "type": "subresource",
      "attributes": [
        {
          "name": "id",
          "stringMap": false,
          "type": {
            "parents": [],
            "short": "string",
            "name": "string",
            "parentShort": "",
            "parentName": ""
          },
          "inline": false,
          "linked": false,
          "full": false,
          "modifiers": {
            "mutable": false,
            "optional": false,
            "optionalPost": false,
            "optionalPut": false,
            "optionalGet": false,
            "output": false,
            "queryonly": false,
            "query": false,
            "representation": false
          },
          "constraints": {}
        }
      ],
      "operations": [
        {
          "operation": "GET",
          "errors": []
        }
      ],
      "parents": [
        "Foo"
      ],
      "short": "Bar",
      "name": "Foo::Bar",
      "parentShort": "Foo",
      "parentName": "Foo",
      "secondary": false,
      "file": "resources.reslang"
    },
    {
      "kind": "resource-like",
      "future": false,
      "singleton": false,
      "type": "resource",
      "attributes": [
        {
          "name": "id",
          "stringMap": false,
          "type": {
            "parents": [],
            "short": "int",
            "name": "int",
            "parentShort": "",
            "parentName": ""
          },
          "inline": false,
          "linked": false,
          "full": false,
          "modifiers": {
            "mutable": false,
            "optional": false,
            "optionalPost": false,
            "optionalPut": false,
            "optionalGet": false,
            "output": false,
            "queryonly": false,
            "query": false,
            "representation": false
          },
          "constraints": {}
        },
        {
          "name": "address",
          "stringMap": false,
          "type": {
            "parents": [],
            "short": "url",
            "name": "url",
            "parentShort": "",
            "parentName": ""
          },
          "inline": false,
          "linked": false,
          "full": false,
          "modifiers": {
            "mutable": false,
            "optional": false,
            "optionalPost": false,
            "optionalPut": false,
            "optionalGet": false,
            "output": false,
            "queryonly": false,
            "query": false,
            "representation": false
          },
          "constraints": {}
        },
        {
          "name": "name",
          "stringMap": false,
          "type": {
            "parents": [],
            "short": "url",
            "name": "url",
            "parentShort": "",
            "parentName": ""
          },
          "inline": false,
          "array": {
            "type": 2
          },
          "linked": false,
          "full": false,
          "modifiers": {
            "mutable": false,
            "optional": false,
            "optionalPost": false,
            "optionalPut": false,
            "optionalGet": false,
            "output": false,
            "queryonly": false,
            "query": false,
            "representation": false
          },
          "constraints": {},
          "example": "List of urls"
        },
        {
          "name": "foo",
          "stringMap": false,
          "type": {
            "parents": [],
            "short": "Foo",
            "name": "Foo",
            "parentShort": "",
            "parentName": ""
          },
          "inline": false,
          "linked": true,
          "full": false,
          "modifiers": {
            "mutable": false,
            "optional": false,
            "optionalPost": false,
            "optionalPut": false,
            "optionalGet": false,
            "output": false,
            "queryonly": false,
            "query": false,
            "representation": false
          },
          "constraints": {}
        },
        {
          "name": "foos",
          "stringMap": false,
          "type": {
            "parents": [],
            "short": "Foo",
            "name": "Foo",
            "parentShort": "",
            "parentName": ""
          },
          "inline": false,
          "array": {
            "type": 2
          },
          "linked": true,
          "full": false,
          "modifiers": {
            "mutable": false,
            "optional": false,
            "optionalPost": false,
            "optionalPut": false,
            "optionalGet": false,
            "output": false,
            "queryonly": false,
            "query": false,
            "representation": false
          },
          "constraints": {}
        },
        {
          "name": "bar",
          "stringMap": false,
          "type": {
            "parents": [
              "Foo"
            ],
            "short": "Bar",
            "name": "Foo::Bar",
            "parentShort": "Foo",
            "parentName": "Foo"
          },
          "inline": false,
          "linked": true,
          "full": false,
          "modifiers": {
            "mutable": false,
            "optional": false,
            "optionalPost": false,
            "optionalPut": false,
            "optionalGet": false,
            "output": false,
            "queryonly": false,
            "query": false,
            "representation": false
          },
          "constraints": {}
        },
        {
          "name": "bars",
          "stringMap": false,
          "type": {
            "parents": [
              "Foo"
            ],
            "short": "Bar",
            "name": "Foo::Bar",
            "parentShort": "Foo",
            "parentName": "Foo"
          },
          "inline": false,
          "array": {
            "type": 2
          },
          "linked": true,
          "full": false,
          "modifiers": {
            "mutable": false,
            "optional": false,
            "optionalPost": false,
            "optionalPut": false,
            "optionalGet": false,
            "output": false,
            "queryonly": false,
            "query": false,
            "representation": false
          },
          "constraints": {}
        }
      ],
      "operations": [
        {
          "operation": "GET",
          "errors": []
        }
      ],
      "parents": [],
      "short": "Linking",
      "name": "Linking",
      "parentShort": "",
      "parentName": "",
      "secondary": false,
      "file": "resources.reslang"
    },
    {
      "kind": "structure",
      "type": "structure",
      "parents": [],
      "short": "StandardError",
      "attributes": [
        {
          "name": "httpStatus",
          "comment": "HTTP error status code for this problem",
          "stringMap": false,
          "type": {
            "parents": [],
            "short": "int",
            "name": "int",
            "parentShort": "",
            "parentName": ""
          },
          "inline": false,
          "linked": false,
          "full": false,
          "modifiers": {
            "mutable": false,
            "optional": false,
            "optionalPost": false,
            "optionalPut": false,
            "optionalGet": false,
            "output": false,
            "queryonly": false,
            "query": false,
            "representation": false
          },
          "constraints": {}
        },
        {
          "name": "errorCode",
          "comment": "Service specific error code, more granular",
          "stringMap": false,
          "type": {
            "parents": [],
            "short": "string",
            "name": "string",
            "parentShort": "",
            "parentName": ""
          },
          "inline": false,
          "linked": false,
          "full": false,
          "modifiers": {
            "mutable": false,
            "optional": false,
            "optionalPost": false,
            "optionalPut": false,
            "optionalGet": false,
            "output": false,
            "queryonly": false,
            "query": false,
            "representation": false
          },
          "constraints": {}
        },
        {
          "name": "message",
          "comment": "General, human readable error message",
          "stringMap": false,
          "type": {
            "parents": [],
            "short": "string",
            "name": "string",
            "parentShort": "",
            "parentName": ""
          },
          "inline": false,
          "linked": false,
          "full": false,
          "modifiers": {
            "mutable": false,
            "optional": false,
            "optionalPost": false,
            "optionalPut": false,
            "optionalGet": false,
            "output": false,
            "queryonly": false,
            "query": false,
            "representation": false
          },
          "constraints": {}
        }
      ],
      "name": "StandardError",
      "parentShort": "",
      "parentName": "",
      "secondary": false,
      "file": "local.reslang"
    }
  ],
  "diagrams": [
    {
      "diagram": "main",
      "include": [
        {
          "module": "resources",
          "parents": [],
          "short": "reslang",
          "name": "resources.reslang",
          "parentShort": "",
          "parentName": ""
        }
      ],
      "groups": []
    }
  ]
}
