digraph G { 
        graph [fontname = "helvetica"];
        node [fontname = "helvetica"];
        edge [fontname = "helvetica"];
        node [shape=none];
        rankdir="LR";
"UploadRequest" [label=<
                    <table border="3" cellborder="0" cellspacing="1" style='rounded'  bgcolor='#ffffcc'> 
                    <tr><td><b>UploadRequest  </b></td></tr><hr/><tr><td align="left">id: int</td></tr><tr><td align="left">name: string</td></tr><tr><td align="left">status: UploadRequestStatusEnum</td></tr><tr><td align="left">client: string</td></tr><tr><td align="right"><font color="#0000ff" point-size="8"> POST GET MULTIGET id name</font></td></tr></table>>];
"Status" [label=<
                    <table border="1" cellborder="0" cellspacing="1" style='rounded'  > 
                    <tr><td><b>Status  </b></td></tr><hr/><tr><td align="left">id: int</td></tr><tr><td align="left">recordsProcessed: int</td></tr><tr><td align="left">completed: boolean</td></tr><tr><td align="right"><font color="#0000ff" point-size="8">singleton  GET</font></td></tr></table>>];
"UploadRequest" -> "Status" [dir="back" arrowtail="ediamond" label=< <font point-size="8">subresource</font> >];
"RecordSet" [label=<
                    <table border="1" cellborder="0" cellspacing="1" style='rounded'  > 
                    <tr><td><b>RecordSet  </b></td></tr><hr/><tr><td align="left">id: int</td></tr><tr><td align="left">company: string</td></tr><tr><td align="right"><font color="#0000ff" point-size="8"> GET POST</font></td></tr></table>>];
"UploadRequest" -> "RecordSet" [dir="back" arrowtail="ediamond" label=< <font point-size="8">subresource</font> >];
"Record" [label=<
                    <table border="1" cellborder="0" cellspacing="1"   > 
                    <tr><td><b>Record  </b></td></tr><hr/><tr><td align="left">details: string</td></tr><tr><td align="left">address: string</td></tr></table> >];
"StartProcessingVerb" [label=<
                    <table border="1" cellborder="0" cellspacing="1" style='rounded'  > 
                    <tr><td><b>StartProcessingVerb  </b></td></tr><hr/><tr><td align="right"><font color="#0000ff" point-size="8"> POST</font></td></tr></table>>];
"UploadRequest" -> "StartProcessingVerb" [dir="none" label=< <font point-size="8">verb</font> >];
"StopProcessingVerb" [label=<
                    <table border="1" cellborder="0" cellspacing="1" style='rounded'  > 
                    <tr><td><b>StopProcessingVerb  </b></td></tr><hr/><tr><td align="left">id: int</td></tr><tr><td align="left">when: datetime</td></tr><tr><td align="right"><font color="#0000ff" point-size="8"> POST GET</font></td></tr></table>>];
"UploadRequest" -> "StopProcessingVerb" [dir="none" label=< <font point-size="8">verb</font> >];
"UploadRequestStatusEnum" [label=<
                    <table border="1" cellborder="0" cellspacing="1" >
                    <tr><td align="left"><b>UploadRequestStatusEnum  </b></td></tr><hr/><tr><td align="left">STARTED</td></tr><tr><td align="left">STOPPED</td></tr><tr><td align="left">COMPLETED</td></tr></table>>];
"RecordSet" -> "Record" [dir="back" arrowtail="diamond" label=< <font point-size="8"> records[]</font> >];
}
