{
  "namespace": {
    "comment": "Api Host test",
    "title": "Api Host test",
    "version": "0.0.1",
    "host": "api.example.com"
  },
  "definitions": [
    {
      "kind": "structure",
      "type": "structure",
      "parents": [],
      "short": "StandardError",
      "attributes": [
        {
          "name": "httpStatus",
          "comment": "HTTP error status code for this problem",
          "stringMap": false,
          "type": {
            "parents": [],
            "short": "int",
            "name": "int",
            "parentShort": "",
            "parentName": ""
          },
          "inline": false,
          "linked": false,
          "full": false,
          "modifiers": {
            "mutable": false,
            "optional": false,
            "optionalPost": false,
            "optionalPut": false,
            "optionalGet": false,
            "output": false,
            "queryonly": false,
            "query": false,
            "representation": false
          },
          "constraints": {}
        },
        {
          "name": "errorCode",
          "comment": "Service specific error code, more granular",
          "stringMap": false,
          "type": {
            "parents": [],
            "short": "string",
            "name": "string",
            "parentShort": "",
            "parentName": ""
          },
          "inline": false,
          "linked": false,
          "full": false,
          "modifiers": {
            "mutable": false,
            "optional": false,
            "optionalPost": false,
            "optionalPut": false,
            "optionalGet": false,
            "output": false,
            "queryonly": false,
            "query": false,
            "representation": false
          },
          "constraints": {}
        },
        {
          "name": "message",
          "comment": "General, human readable error message",
          "stringMap": false,
          "type": {
            "parents": [],
            "short": "string",
            "name": "string",
            "parentShort": "",
            "parentName": ""
          },
          "inline": false,
          "linked": false,
          "full": false,
          "modifiers": {
            "mutable": false,
            "optional": false,
            "optionalPost": false,
            "optionalPut": false,
            "optionalGet": false,
            "output": false,
            "queryonly": false,
            "query": false,
            "representation": false
          },
          "constraints": {}
        }
      ],
      "name": "StandardError",
      "parentShort": "",
      "parentName": "",
      "secondary": false,
      "file": "local.reslang"
    }
  ],
  "diagrams": [
    {
      "diagram": "main",
      "groups": []
    }
  ]
}
