[
    {
        "namespace": [
            {
                "category": "namespace",
                "comment": "Prepare to get paginated.",
                "title": "Pagination Example",
                "version": "0.0.1"
            }
        ],
        "imports": [],
        "servers": [],
        "tags": [],
        "definitions": [
            {
                "category": "definition",
                "kind": "resource-like",
                "future": false,
                "singleton": false,
                "type": "resource",
                "attributes": [
                    {
                        "name": "id",
                        "stringMap": false,
                        "type": {
                            "parents": [],
                            "short": "string",
                            "name": "string",
                            "parentShort": "",
                            "parentName": ""
                        },
                        "inline": false,
                        "linked": false,
                        "full": false,
                        "modifiers": {
                            "flag": false,
                            "mutable": false,
                            "optional": false,
                            "optionalPost": false,
                            "optionalPut": false,
                            "optionalGet": false,
                            "output": false,
                            "queryonly": false,
                            "query": false,
                            "representation": false
                        },
                        "constraints": {}
                    }
                ],
                "operations": [
                    {
                        "operation": "MULTIGET",
                        "options": [],
                        "pagination": [
                            {
                                "name": "strategy",
                                "value": "none"
                            }
                        ],
                        "errors": []
                    }
                ],
                "parents": [],
                "short": "Unpaginated",
                "name": "Unpaginated",
                "parentShort": "",
                "parentName": "",
                "namespace": "",
                "secondary": false,
                "file": "api.reslang"
            },
            {
                "category": "definition",
                "kind": "resource-like",
                "future": false,
                "singleton": false,
                "type": "resource",
                "attributes": [
                    {
                        "name": "id",
                        "stringMap": false,
                        "type": {
                            "parents": [],
                            "short": "string",
                            "name": "string",
                            "parentShort": "",
                            "parentName": ""
                        },
                        "inline": false,
                        "linked": false,
                        "full": false,
                        "modifiers": {
                            "flag": false,
                            "mutable": false,
                            "optional": false,
                            "optionalPost": false,
                            "optionalPut": false,
                            "optionalGet": false,
                            "output": false,
                            "queryonly": false,
                            "query": false,
                            "representation": false
                        },
                        "constraints": {}
                    }
                ],
                "operations": [
                    {
                        "operation": "MULTIGET",
                        "options": [],
                        "pagination": [
                            {
                                "name": "strategy",
                                "value": "offset"
                            }
                        ],
                        "errors": []
                    }
                ],
                "parents": [],
                "short": "Legacy",
                "name": "Legacy",
                "parentShort": "",
                "parentName": "",
                "namespace": "",
                "secondary": false,
                "file": "api.reslang"
            },
            {
                "category": "definition",
                "kind": "resource-like",
                "future": false,
                "singleton": false,
                "type": "resource",
                "attributes": [
                    {
                        "name": "id",
                        "stringMap": false,
                        "type": {
                            "parents": [],
                            "short": "string",
                            "name": "string",
                            "parentShort": "",
                            "parentName": ""
                        },
                        "inline": false,
                        "linked": false,
                        "full": false,
                        "modifiers": {
                            "flag": false,
                            "mutable": false,
                            "optional": false,
                            "optionalPost": false,
                            "optionalPut": false,
                            "optionalGet": false,
                            "output": false,
                            "queryonly": false,
                            "query": false,
                            "representation": false
                        },
                        "constraints": {}
                    }
                ],
                "operations": [
                    {
                        "operation": "MULTIGET",
                        "options": [],
                        "errors": []
                    }
                ],
                "parents": [],
                "short": "ImplicitCursor",
                "name": "ImplicitCursor",
                "parentShort": "",
                "parentName": "",
                "namespace": "",
                "secondary": false,
                "file": "api.reslang"
            },
            {
                "category": "definition",
                "kind": "resource-like",
                "future": false,
                "singleton": false,
                "type": "resource",
                "attributes": [
                    {
                        "name": "id",
                        "stringMap": false,
                        "type": {
                            "parents": [],
                            "short": "string",
                            "name": "string",
                            "parentShort": "",
                            "parentName": ""
                        },
                        "inline": false,
                        "linked": false,
                        "full": false,
                        "modifiers": {
                            "flag": false,
                            "mutable": false,
                            "optional": false,
                            "optionalPost": false,
                            "optionalPut": false,
                            "optionalGet": false,
                            "output": false,
                            "queryonly": false,
                            "query": false,
                            "representation": false
                        },
                        "constraints": {}
                    }
                ],
                "operations": [
                    {
                        "operation": "MULTIGET",
                        "options": [],
                        "pagination": [
                            {
                                "name": "strategy",
                                "value": "cursor"
                            },
                            {
                                "name": "limit",
                                "value": "10"
                            },
                            {
                                "name": "after",
                                "value": "string"
                            },
                            {
                                "name": "before",
                                "value": "string"
                            },
                            {
                                "name": "total",
                                "value": "int"
                            },
                            {
                                "name": "next",
                                "value": "string"
                            },
                            {
                                "name": "previous",
                                "value": "string"
                            }
                        ],
                        "errors": []
                    }
                ],
                "parents": [],
                "short": "BellsAndWhistles",
                "name": "BellsAndWhistles",
                "parentShort": "",
                "parentName": "",
                "namespace": "",
                "secondary": false,
                "file": "api.reslang"
            }
        ],
        "diagrams": [
            {
                "category": "diagram",
                "diagram": "main",
                "include": [
                    {
                        "module": "api",
                        "parents": [],
                        "short": "reslang",
                        "name": "api.reslang",
                        "parentShort": "",
                        "parentName": ""
                    }
                ],
                "groups": []
            }
        ],
        "docs": []
    },
    {
        "namespace": [],
        "imports": [],
        "servers": [],
        "tags": [],
        "definitions": [
            {
                "category": "definition",
                "kind": "structure",
                "type": "structure",
                "parents": [],
                "short": "StandardError",
                "attributes": [
                    {
                        "name": "httpStatus",
                        "comment": "HTTP error status code for this problem",
                        "stringMap": false,
                        "type": {
                            "parents": [],
                            "short": "int",
                            "name": "int",
                            "parentShort": "",
                            "parentName": ""
                        },
                        "inline": false,
                        "linked": false,
                        "full": false,
                        "modifiers": {
                            "flag": false,
                            "mutable": false,
                            "optional": false,
                            "optionalPost": false,
                            "optionalPut": false,
                            "optionalGet": false,
                            "output": false,
                            "queryonly": false,
                            "query": false,
                            "representation": false
                        },
                        "constraints": {}
                    },
                    {
                        "name": "errorCode",
                        "comment": "Service specific error code, more granular",
                        "stringMap": false,
                        "type": {
                            "parents": [],
                            "short": "string",
                            "name": "string",
                            "parentShort": "",
                            "parentName": ""
                        },
                        "inline": false,
                        "linked": false,
                        "full": false,
                        "modifiers": {
                            "flag": false,
                            "mutable": false,
                            "optional": false,
                            "optionalPost": false,
                            "optionalPut": false,
                            "optionalGet": false,
                            "output": false,
                            "queryonly": false,
                            "query": false,
                            "representation": false
                        },
                        "constraints": {}
                    },
                    {
                        "name": "message",
                        "comment": "General, human readable error message",
                        "stringMap": false,
                        "type": {
                            "parents": [],
                            "short": "string",
                            "name": "string",
                            "parentShort": "",
                            "parentName": ""
                        },
                        "inline": false,
                        "linked": false,
                        "full": false,
                        "modifiers": {
                            "flag": false,
                            "mutable": false,
                            "optional": false,
                            "optionalPost": false,
                            "optionalPut": false,
                            "optionalGet": false,
                            "output": false,
                            "queryonly": false,
                            "query": false,
                            "representation": false
                        },
                        "constraints": {}
                    }
                ],
                "name": "StandardError",
                "parentShort": "",
                "parentName": "",
                "secondary": false,
                "file": "local.reslang"
            }
        ],
        "diagrams": [],
        "docs": []
    },
    {
        "namespace": [],
        "imports": [],
        "servers": [
            {
                "category": "servers",
                "rest": [
                    {
                        "url": "https://api.liveramp.com",
                        "environment": "PROD"
                    }
                ],
                "events": [
                    {
                        "comment": "Production Google Pubsub server",
                        "url": "https://pubsub.googleapis.com/v1/projects/liveramp-events-prod",
                        "environment": "PROD",
                        "protocol": "GOOGLE_PUBSUB"
                    }
                ]
            }
        ],
        "tags": [],
        "definitions": [],
        "diagrams": [],
        "docs": []
    }
]
